[tesla-website-redesigned.vercel.app/index.html]
[backblue.gif]
[fade.gif]
[index.html]
[tesla-website-redesigned.vercel.app/style.css]
[tesla-website-redesigned.vercel.app/Assets/media/images/tesla.png]
[cdn.jsdelivr.net/npm/remixicon@4.3.0/fonts/remixicon.css]
[cdn.jsdelivr.net/npm/locomotive-scroll@3.5.4/dist/locomotive-scroll.css]
[unpkg.com/tailwindcss-cdn@3.4.3/tailwindcss.js]
[tesla-website-redesigned.vercel.app/Assets/media/videos/landing.mp4]
[tesla-website-redesigned.vercel.app/Assets/media/images/s1.avif]
[tesla-website-redesigned.vercel.app/Assets/media/images/s2.avif]
[tesla-website-redesigned.vercel.app/Assets/media/images/my1.avif]
[tesla-website-redesigned.vercel.app/Assets/media/images/my2.avif]
[tesla-website-redesigned.vercel.app/Assets/media/images/cyber1.avif]
[tesla-website-redesigned.vercel.app/Assets/media/images/cyber2.avif]
[tesla-website-redesigned.vercel.app/Assets/media/images/mx 1.avif]
[tesla-website-redesigned.vercel.app/Assets/media/images/mx 2.avif]
[tesla-website-redesigned.vercel.app/Assets/media/images/m3 1.avif]
[tesla-website-redesigned.vercel.app/Assets/media/images/m3 2.avif]
[tesla-website-redesigned.vercel.app/Assets/media/images/model s.avif]
[tesla-website-redesigned.vercel.app/Assets/media/images/model y.avif]
[tesla-website-redesigned.vercel.app/Assets/media/images/cybertruck.avif]
[tesla-website-redesigned.vercel.app/Assets/media/images/model x.avif]
[tesla-website-redesigned.vercel.app/Assets/media/images/model3.avif]
[tesla-website-redesigned.vercel.app/Assets/media/images/m3p.avif]
[tesla-website-redesigned.vercel.app/Assets/media/images/canvas.avif]
[tesla-website-redesigned.vercel.app/Assets/media/images/Cybertrucklogo.svg]
[tesla-website-redesigned.vercel.app/Assets/media/images/cybershow.avif]
[tesla-website-redesigned.vercel.app/Assets/media/videos/Cybertruck.mp4]
[tesla-website-redesigned.vercel.app/Assets/media/images/showcase1.avif]
[tesla-website-redesigned.vercel.app/Assets/media/images/showcase2.avif]
[tesla-website-redesigned.vercel.app/Assets/media/images/Texte-Circle.svg]
[tesla-website-redesigned.vercel.app/Assets/media/images/showcase3.avif]
[tesla-website-redesigned.vercel.app/Assets/media/images/showcase4.avif]
[tesla-website-redesigned.vercel.app/Assets/media/images/showcase5.avif]
[tesla-website-redesigned.vercel.app/Assets/media/videos/solar-roof-main-hero-desktop.webm]
[tesla-website-redesigned.vercel.app/Assets/media/images/solar-roof-protection.avif]
[tesla-website-redesigned.vercel.app/Assets/media/images/maximum-solar-production.avif]
[tesla-website-redesigned.vercel.app/Assets/media/images/powerwall.avif]
[tesla-website-redesigned.vercel.app/Assets/media/images/energy-thats-there.avif]
[tesla-website-redesigned.vercel.app/Assets/media/canvas/Charging/aspose_video_133661107269338471_out0001.jpg]
[tesla-website-redesigned.vercel.app/Assets/media/videos/Charging-Main-Hero-Desktop-NA-JP-KR-2800x1800.mp4]
[tesla-website-redesigned.vercel.app/Assets/media/images/home-charging-energize-savings-desktop.avif]
[tesla-website-redesigned.vercel.app/Assets/media/images/whitee.jpg]
[tesla-website-redesigned.vercel.app/Assets/media/videos/Supercharger-Main-Hero-Desktop-1920x1080.mp4]
[tesla-website-redesigned.vercel.app/Assets/media/images/page6bg.avif]
[cdnjs.cloudflare.com/ajax/libs/gsap/3.11.4/gsap.min.js]
[cdnjs.cloudflare.com/ajax/libs/gsap/3.11.4/ScrollTrigger.min.js]
[cdn.jsdelivr.net/gh/studio-freight/lenis@0.2.28/bundled/lenis.js]
[tesla-website-redesigned.vercel.app/index.html]
[tesla-website-redesigned.vercel.app/script.js]
[tesla-website-redesigned.vercel.app/Assets/fonts/6edbc5d79e66b363-s.p.woff2]
[tesla-website-redesigned.vercel.app/Assets/fonts/sp1.woff2]
[tesla-website-redesigned.vercel.app/style.css]
[cdn.jsdelivr.net/npm/remixicon@4.3.0/fonts/remixicon0c93.eot]
[cdn.jsdelivr.net/npm/remixicon@4.3.0/fonts/remixicon0c93.woff2]
[cdn.jsdelivr.net/npm/remixicon@4.3.0/fonts/remixicon0c93.woff]
[cdn.jsdelivr.net/npm/remixicon@4.3.0/fonts/remixicon.css]
[cdn.jsdelivr.net/npm/remixicon@4.3.0/fonts/remixicon0c93.ttf]
[cdn.jsdelivr.net/npm/locomotive-scroll@3.5.4/dist/locomotive-scroll.css]
[tesla-website-redesigned.vercel.app/Assets/media/images/tesla-svgrepo-com.svg]
[tesla-website-redesigned.vercel.app/Assets/media/images/Cybertrucklogo.svg]
[tesla-website-redesigned.vercel.app/Assets/media/images/arrow.svg]
[tesla-website-redesigned.vercel.app/Assets/media/images/Texte-Circle.svg]
[cdn.jsdelivr.net/npm/remixicon@4.3.0/fonts/remixicon0c93.svg]
[cdn.jsdelivr.net/npm/remixicon@4.3.0/fonts/remixicon0c93.svg]
